// Jest Snapshot v1, https://goo.gl/fbAQLP

exports[`recycable page renders correctly 1`] = `
<View
  style={
    Object {
      "alignItems": "flex-start",
      "flex": 1,
      "flexDirection": "row",
      "justifyContent": "center",
    }
  }
>
  <Text
    accessible={true}
    allowFontScaling={true}
    ellipsizeMode="tail"
  >
    Recycable
  </Text>
</View>
`;
